I'm sorry, but errors were detected in your script. Please correct the
errors listed below, and try again.


File "game/scenes/03secondDay.rpy", line 413: expected 'label_name_declare' not found.
    label 
         ^

Ren'Py Version: Ren'Py 7.4.2.1292
Mon Mar  1 12:06:58 2021
